// Vitest Snapshot v1, https://vitest.dev/guide/snapshot.html

exports[`generateWorkoutSession > golden snapshot — week 1 session from the canonical two-priority report 1`] = `
{
  "capability": "standard",
  "disclaimer": "SCREENING ONLY — Not a medical diagnosis. These findings are for educational and screening purposes only. Results require interpretation by qualified professionals. Do not substitute for clinical examination.",
  "estimatedDurationSec": 1156,
  "items": [
    {
      "baseSlug": "cat-cow",
      "category": "mobility",
      "index": 0,
      "instructions": "Start on hands and knees with wrists under shoulders and knees under hips. Exhale and round your spine toward the ceiling, tucking the tailbone and letting the head drop (cat). Inhale and reverse, letting the belly sink while the chest and tailbone lift (cow). Move slowly segment by segment, pausing 3 seconds at each end position. Keep the arms straight and the movement smooth. Flow through 8-10 full cycles per set.",
      "isIntegrative": false,
      "name": "Cat-Cow",
      "priorityKey": "forward_head_posture",
      "priorityLabel": "Forward Head Posture",
      "slug": "cat-cow",
      "stepLabel": "Loosen",
      "timing": {
        "kind": "reps",
        "repsPerSet": 8,
        "restSeconds": 10,
        "sets": 1,
      },
    },
    {
      "baseSlug": "levator-scapulae-stretch",
      "category": "stretch",
      "index": 1,
      "instructions": "Sit tall and grasp the edge of your chair with one hand to anchor the shoulder down. Turn your head about 45 degrees away from that side, then look down toward your opposite armpit. Place your free hand lightly on the back of your head and add gentle pressure until you feel a stretch along the back-side of the neck into the shoulder blade. Hold 30 seconds, release slowly, and repeat on the other side.",
      "isIntegrative": false,
      "name": "Levator Scapulae Stretch",
      "priorityKey": "forward_head_posture",
      "priorityLabel": "Forward Head Posture",
      "slug": "levator-scapulae-stretch",
      "stepLabel": "Lengthen",
      "timing": {
        "kind": "hold",
        "restSeconds": 10,
        "secondsPerSet": 30,
        "sets": 2,
      },
    },
    {
      "baseSlug": "neck-lateral-stretch",
      "category": "stretch",
      "index": 2,
      "instructions": "Tilt your head to one side, ear toward shoulder. Gently apply light pressure with your hand. Hold 30 seconds. Repeat on the other side.",
      "isIntegrative": false,
      "name": "Neck Lateral Stretch",
      "priorityKey": "forward_head_posture",
      "priorityLabel": "Forward Head Posture",
      "slug": "neck-lateral-stretch",
      "stepLabel": "Lengthen",
      "timing": {
        "kind": "hold",
        "restSeconds": 10,
        "secondsPerSet": 30,
        "sets": 2,
      },
    },
    {
      "baseSlug": "sternocleidomastoid-stretch",
      "category": "stretch",
      "index": 3,
      "instructions": "Sit or stand tall and place one hand flat on your collarbone to gently anchor it down. Rotate your head toward the same side as the hand, then tilt it slightly back and away until you feel a light stretch along the front-side of your neck. Keep the movement small and the jaw relaxed — this area needs only gentle tension. Hold 30 seconds, return slowly, and repeat on the other side.",
      "isIntegrative": false,
      "name": "Sternocleidomastoid Stretch",
      "priorityKey": "forward_head_posture",
      "priorityLabel": "Forward Head Posture",
      "slug": "sternocleidomastoid-stretch",
      "stepLabel": "Lengthen",
      "timing": {
        "kind": "hold",
        "restSeconds": 10,
        "secondsPerSet": 30,
        "sets": 2,
      },
    },
    {
      "baseSlug": "bent-knee-calf-stretch",
      "category": "stretch",
      "index": 4,
      "instructions": "Stand facing a wall with hands on it for support. Step one foot back a half stride, keeping the heel down and toes forward. This time bend the back knee, sinking it toward the wall while the heel stays planted, until you feel the stretch move lower and deeper in the calf, toward the heel cord. Keep the trunk upright and weight even across the back foot. Hold 30 seconds, then change sides.",
      "isIntegrative": false,
      "name": "Bent-Knee Calf Stretch",
      "priorityKey": "anterior_pelvic_shift",
      "priorityLabel": "Forward Hip Position",
      "slug": "bent-knee-calf-stretch",
      "stepLabel": "Lengthen",
      "timing": {
        "kind": "hold",
        "restSeconds": 10,
        "secondsPerSet": 30,
        "sets": 2,
      },
    },
    {
      "baseSlug": "childs-pose-reach",
      "category": "stretch",
      "index": 5,
      "instructions": "Kneel on a mat, sit your hips back toward your heels, and walk your hands forward until your chest sinks toward the floor. Keep the arms long and reach the fingertips as far forward as comfortable to lengthen the sides of the back. Let the spine round gently and breathe into the back ribs. For more side emphasis, walk both hands toward one side and hold. Stay 30 seconds per hold, then slowly rise.",
      "isIntegrative": false,
      "name": "Child's Pose with Overhead Reach",
      "priorityKey": "anterior_pelvic_shift",
      "priorityLabel": "Forward Hip Position",
      "slug": "childs-pose-reach",
      "stepLabel": "Lengthen",
      "timing": {
        "kind": "hold",
        "restSeconds": 10,
        "secondsPerSet": 30,
        "sets": 2,
      },
    },
    {
      "baseSlug": "kneeling-hip-flexor-stretch",
      "category": "stretch",
      "index": 6,
      "instructions": "Kneel with one knee on the ground and the other foot forward (lunge position). Shift your hips forward until you feel a stretch in the front of the hip. Keep your back straight. Hold 30 seconds. Repeat on the other side.",
      "isIntegrative": false,
      "name": "Kneeling Hip Flexor Stretch",
      "priorityKey": "anterior_pelvic_shift",
      "priorityLabel": "Forward Hip Position",
      "slug": "kneeling-hip-flexor-stretch",
      "stepLabel": "Lengthen",
      "timing": {
        "kind": "hold",
        "restSeconds": 10,
        "secondsPerSet": 30,
        "sets": 2,
      },
    },
    {
      "baseSlug": "supine-chin-nod",
      "category": "activation",
      "index": 7,
      "instructions": "Lie on your back with knees bent and head resting on the floor (use a thin towel if needed). Without lifting your head, gently nod your chin toward your throat as if saying a subtle "yes". You should feel the small muscles deep in the front of the neck working, not the big surface muscles. Hold the nod 10 seconds while breathing steadily, then relax. Repeat for the full set.",
      "isIntegrative": false,
      "name": "Supine Chin Nod",
      "priorityKey": "forward_head_posture",
      "priorityLabel": "Forward Head Posture",
      "slug": "supine-chin-nod",
      "stepLabel": "Wake up",
      "timing": {
        "kind": "reps",
        "repsPerSet": 10,
        "restSeconds": 20,
        "sets": 2,
      },
    },
    {
      "baseSlug": "supine-pelvic-tilt",
      "category": "activation",
      "index": 8,
      "instructions": "Lie on your back with knees bent and feet flat, arms relaxed at your sides. Gently draw your lower abdomen in and tilt the pelvis so the lower back presses lightly into the floor — imagine pulling the front hip bones toward the ribs. Hold 5 seconds while breathing steadily (do not hold your breath), then relax back to the starting position. Keep the glutes mostly relaxed so the abdominals do the work. Repeat 10 times per set.",
      "isIntegrative": false,
      "name": "Supine Pelvic Tilt",
      "priorityKey": "anterior_pelvic_shift",
      "priorityLabel": "Forward Hip Position",
      "slug": "supine-pelvic-tilt",
      "stepLabel": "Wake up",
      "timing": {
        "kind": "reps",
        "repsPerSet": 10,
        "restSeconds": 20,
        "sets": 2,
      },
    },
    {
      "baseSlug": "chin-tucks",
      "category": "strengthen",
      "index": 9,
      "instructions": "Stand or sit tall. Gently retract your chin straight back, making a double chin. Hold 5 seconds, then release. Perform 10-12 repetitions per set.",
      "isIntegrative": false,
      "name": "Chin Tucks",
      "priorityKey": "forward_head_posture",
      "priorityLabel": "Forward Head Posture",
      "slug": "chin-tucks",
      "stepLabel": "Strengthen",
      "timing": {
        "kind": "reps",
        "repsPerSet": 10,
        "restSeconds": 20,
        "sets": 2,
      },
    },
    {
      "baseSlug": "prone-y-raise",
      "category": "strengthen",
      "index": 10,
      "instructions": "Lie face down with your forehead on a folded towel and arms extended overhead at roughly 45 degrees, forming a Y, thumbs pointing up. Draw the shoulder blades down toward your back pockets, then lift both arms a few centimeters off the floor. Hold 3 seconds, feeling the work low between the shoulder blades rather than in the upper neck, then lower with control. Perform 8-12 repetitions per set.",
      "isIntegrative": false,
      "name": "Prone Y-Raise",
      "priorityKey": "forward_head_posture",
      "priorityLabel": "Forward Head Posture",
      "slug": "prone-y-raise",
      "stepLabel": "Strengthen",
      "timing": {
        "kind": "reps",
        "repsPerSet": 10,
        "restSeconds": 20,
        "sets": 2,
      },
    },
    {
      "baseSlug": "dead-bug",
      "category": "strengthen",
      "index": 11,
      "instructions": "Lie on your back with arms reaching toward the ceiling and hips and knees bent to 90 degrees, shins parallel to the floor. Press your lower back gently into the mat. Slowly lower one arm overhead and the opposite leg toward the floor, stopping before the lower back lifts. Pause 3 seconds, return, and switch sides. Move only as far as you can keep the trunk completely still. Do 6-8 slow repetitions per side, per set.",
      "isIntegrative": false,
      "name": "Dead Bug",
      "priorityKey": "anterior_pelvic_shift",
      "priorityLabel": "Forward Hip Position",
      "slug": "dead-bug",
      "stepLabel": "Strengthen",
      "timing": {
        "kind": "reps",
        "repsPerSet": 10,
        "restSeconds": 20,
        "sets": 2,
      },
    },
    {
      "baseSlug": "glute-bridge",
      "category": "strengthen",
      "index": 12,
      "instructions": "Lie on your back with knees bent and feet flat on the floor. Squeeze your glutes and drive your hips up until your body forms a straight line from knees to shoulders. Hold 2 seconds at the top. Lower slowly. Perform 10-12 repetitions per set.",
      "isIntegrative": false,
      "name": "Glute Bridge",
      "priorityKey": "anterior_pelvic_shift",
      "priorityLabel": "Forward Hip Position",
      "slug": "glute-bridge",
      "stepLabel": "Strengthen",
      "timing": {
        "kind": "reps",
        "repsPerSet": 10,
        "restSeconds": 20,
        "sets": 2,
      },
    },
  ],
  "priorities": [
    {
      "label": "Forward Head Posture",
      "primaryKey": "forward_head_posture",
      "severityWord": "significant",
      "zone": "danger",
    },
    {
      "label": "Forward Hip Position",
      "primaryKey": "anterior_pelvic_shift",
      "severityWord": "mild",
      "zone": "warning",
    },
  ],
  "version": 1,
  "week": 1,
}
`;
